{
    "non_archived.txt": [
        "/tmp/repo/non_archived.txt",
        ""
    ],
    "CODEOWNERS": [
        "/tmp/repo/CODEOWNERS",
        ""
    ],
    "NOTICE.txt": [
        "/tmp/repo/NOTICE.txt",
        ""
    ],
    "cfn_stack_policy.json": [
        "/tmp/repo/cfn_stack_policy.json",
        ""
    ],
    "all.json.2": [
        "/tmp/repo/all.json.2",
        ""
    ],
    "LICENSE.txt": [
        "/tmp/repo/LICENSE.txt",
        ""
    ],
    "docs/generated/regions/index.adoc": [
        "/tmp/repo/docs/generated/regions/index.adoc",
        ""
    ],
    "docs/generated/parameters/linux-bastion-master.adoc": [
        "/tmp/repo/docs/generated/parameters/linux-bastion-master.adoc",
        ""
    ],
    "docs/generated/parameters/linux-bastion.adoc": [
        "/tmp/repo/docs/generated/parameters/linux-bastion.adoc",
        ""
    ],
    "docs/generated/parameters/index.adoc": [
        "/tmp/repo/docs/generated/parameters/index.adoc",
        ""
    ],
    "docs/generated/services/metadata.adoc": [
        "/tmp/repo/docs/generated/services/metadata.adoc",
        ""
    ],
    "docs/generated/services/index.adoc": [
        "/tmp/repo/docs/generated/services/index.adoc",
        ""
    ],
    "docs/images/region.png": [
        "/tmp/repo/docs/images/region.png",
        ""
    ],
    "docs/images/cfn_outputs.png": [
        "/tmp/repo/docs/images/cfn_outputs.png",
        ""
    ],
    "docs/images/banner.png": [
        "/tmp/repo/docs/images/banner.png",
        ""
    ],
    "docs/images/aws-quickstart-graphic.png": [
        "/tmp/repo/docs/images/aws-quickstart-graphic.png",
        ""
    ],
    "docs/images/architecture_diagram.png": [
        "/tmp/repo/docs/images/architecture_diagram.png",
        ""
    ],
    "docs/images/logging.png": [
        "/tmp/repo/docs/images/logging.png",
        ""
    ],
    "docs/images/keypair.png": [
        "/tmp/repo/docs/images/keypair.png",
        ""
    ],
    "docs/partner_editable/faq_troubleshooting.adoc": [
        "/tmp/repo/docs/partner_editable/faq_troubleshooting.adoc",
        ""
    ],
    "docs/partner_editable/product_description.adoc": [
        "/tmp/repo/docs/partner_editable/product_description.adoc",
        ""
    ],
    "docs/partner_editable/_settings.adoc": [
        "/tmp/repo/docs/partner_editable/_settings.adoc",
        ""
    ],
    "docs/partner_editable/deployment_options.adoc": [
        "/tmp/repo/docs/partner_editable/deployment_options.adoc",
        ""
    ],
    "docs/partner_editable/service_limits.adoc": [
        "/tmp/repo/docs/partner_editable/service_limits.adoc",
        ""
    ],
    "docs/partner_editable/architecture.adoc": [
        "/tmp/repo/docs/partner_editable/architecture.adoc",
        ""
    ],
    "docs/partner_editable/additional_info.adoc": [
        "/tmp/repo/docs/partner_editable/additional_info.adoc",
        ""
    ],
    "docs/partner_editable/regions.adoc": [
        "/tmp/repo/docs/partner_editable/regions.adoc",
        ""
    ],
    "docs/partner_editable/licenses.adoc": [
        "/tmp/repo/docs/partner_editable/licenses.adoc",
        ""
    ],
    "docs/partner_editable/deploy_steps.adoc": [
        "/tmp/repo/docs/partner_editable/deploy_steps.adoc",
        ""
    ],
    "docs/partner_editable/specialized_knowledge.adoc": [
        "/tmp/repo/docs/partner_editable/specialized_knowledge.adoc",
        ""
    ],
    "docs/partner_editable/overview_target_and_usage.adoc": [
        "/tmp/repo/docs/partner_editable/overview_target_and_usage.adoc",
        ""
    ],
    "docs/partner_editable/pre-reqs.adoc": [
        "/tmp/repo/docs/partner_editable/pre-reqs.adoc",
        ""
    ],
    "docs/boilerplate/planning_deployment.lang.adoc": [
        "/tmp/repo/docs/boilerplate/planning_deployment.lang.adoc",
        ""
    ],
    "docs/boilerplate/deployment_steps.adoc": [
        "/tmp/repo/docs/boilerplate/deployment_steps.adoc",
        ""
    ],
    "docs/boilerplate/introduction.adoc": [
        "/tmp/repo/docs/boilerplate/introduction.adoc",
        ""
    ],
    "docs/boilerplate/planning_deployment_eks_module.adoc": [
        "/tmp/repo/docs/boilerplate/planning_deployment_eks_module.adoc",
        ""
    ],
    "docs/boilerplate/LICENSE": [
        "/tmp/repo/docs/boilerplate/LICENSE",
        ""
    ],
    "docs/boilerplate/_layout_cfn.lang.adoc": [
        "/tmp/repo/docs/boilerplate/_layout_cfn.lang.adoc",
        ""
    ],
    "docs/boilerplate/index.lang.adoc": [
        "/tmp/repo/docs/boilerplate/index.lang.adoc",
        ""
    ],
    "docs/boilerplate/CODEOWNERS": [
        "/tmp/repo/docs/boilerplate/CODEOWNERS",
        ""
    ],
    "docs/boilerplate/cost.adoc": [
        "/tmp/repo/docs/boilerplate/cost.adoc",
        ""
    ],
    "docs/boilerplate/planning_deployment.adoc": [
        "/tmp/repo/docs/boilerplate/planning_deployment.adoc",
        ""
    ],
    "docs/boilerplate/deployment_steps_cdk_module.adoc": [
        "/tmp/repo/docs/boilerplate/deployment_steps_cdk_module.adoc",
        ""
    ],
    "docs/boilerplate/_layout_cfn_eks_module.adoc": [
        "/tmp/repo/docs/boilerplate/_layout_cfn_eks_module.adoc",
        ""
    ],
    "docs/boilerplate/overview.adoc": [
        "/tmp/repo/docs/boilerplate/overview.adoc",
        ""
    ],
    "docs/boilerplate/deploy_control_tower.adoc": [
        "/tmp/repo/docs/boilerplate/deploy_control_tower.adoc",
        ""
    ],
    "docs/boilerplate/regions_default.adoc": [
        "/tmp/repo/docs/boilerplate/regions_default.adoc",
        ""
    ],
    "docs/boilerplate/disclaimer.adoc": [
        "/tmp/repo/docs/boilerplate/disclaimer.adoc",
        ""
    ],
    "docs/boilerplate/_layout_cfn_cdk_module.adoc": [
        "/tmp/repo/docs/boilerplate/_layout_cfn_cdk_module.adoc",
        ""
    ],
    "docs/boilerplate/index.adoc": [
        "/tmp/repo/docs/boilerplate/index.adoc",
        ""
    ],
    "docs/boilerplate/deployment_steps_eks_module.adoc": [
        "/tmp/repo/docs/boilerplate/deployment_steps_eks_module.adoc",
        ""
    ],
    "docs/boilerplate/index-docinfo-footer.html": [
        "/tmp/repo/docs/boilerplate/index-docinfo-footer.html",
        ""
    ],
    "docs/boilerplate/_layout_cfn.adoc": [
        "/tmp/repo/docs/boilerplate/_layout_cfn.adoc",
        ""
    ],
    "scripts/banner_message.txt": [
        "/tmp/repo/scripts/banner_message.txt",
        ""
    ],
    "scripts/bastion_bootstrap.sh": [
        "/tmp/repo/scripts/bastion_bootstrap.sh",
        ""
    ],
    "scripts/auditing_configure.sh": [
        "/tmp/repo/scripts/auditing_configure.sh",
        ""
    ],
    "submodules/quickstart-aws-vpc/NOTICE.txt": [
        "/tmp/repo/submodules/quickstart-aws-vpc/NOTICE.txt",
        ""
    ],
    "submodules/quickstart-aws-vpc/LICENSE.txt": [
        "/tmp/repo/submodules/quickstart-aws-vpc/LICENSE.txt",
        ""
    ],
    "submodules/quickstart-aws-vpc/ci/aws-vpc-sa-east-1.json": [
        "/tmp/repo/submodules/quickstart-aws-vpc/ci/aws-vpc-sa-east-1.json",
        ""
    ],
    "submodules/quickstart-aws-vpc/ci/aws-vpc-4az.json": [
        "/tmp/repo/submodules/quickstart-aws-vpc/ci/aws-vpc-4az.json",
        ""
    ],
    "submodules/quickstart-aws-vpc/ci/aws-vpc-defaults.json": [
        "/tmp/repo/submodules/quickstart-aws-vpc/ci/aws-vpc-defaults.json",
        ""
    ],
    "submodules/quickstart-aws-vpc/ci/aws-vpc-4az-public.json": [
        "/tmp/repo/submodules/quickstart-aws-vpc/ci/aws-vpc-4az-public.json",
        ""
    ],
    "submodules/quickstart-aws-vpc/ci/aws-vpc-3az-public.json": [
        "/tmp/repo/submodules/quickstart-aws-vpc/ci/aws-vpc-3az-public.json",
        ""
    ],
    "submodules/quickstart-aws-vpc/ci/aws-vpc-4az-complete.json": [
        "/tmp/repo/submodules/quickstart-aws-vpc/ci/aws-vpc-4az-complete.json",
        ""
    ],
    "submodules/quickstart-aws-vpc/ci/aws-vpc-3az-complete.json": [
        "/tmp/repo/submodules/quickstart-aws-vpc/ci/aws-vpc-3az-complete.json",
        ""
    ],
    "submodules/quickstart-aws-vpc/ci/taskcat.yml": [
        "/tmp/repo/submodules/quickstart-aws-vpc/ci/taskcat.yml",
        ""
    ],
    "submodules/quickstart-aws-vpc/ci/aws-vpc-public.json": [
        "/tmp/repo/submodules/quickstart-aws-vpc/ci/aws-vpc-public.json",
        ""
    ],
    "submodules/quickstart-aws-vpc/ci/aws-vpc-3az.json": [
        "/tmp/repo/submodules/quickstart-aws-vpc/ci/aws-vpc-3az.json",
        ""
    ],
    "submodules/quickstart-aws-vpc/ci/aws-vpc-dedicated.json": [
        "/tmp/repo/submodules/quickstart-aws-vpc/ci/aws-vpc-dedicated.json",
        ""
    ],
    "submodules/quickstart-aws-vpc/ci/aws-vpc-complete.json": [
        "/tmp/repo/submodules/quickstart-aws-vpc/ci/aws-vpc-complete.json",
        ""
    ],
    "submodules/quickstart-aws-vpc/docs/generated/regions/index.adoc": [
        "/tmp/repo/submodules/quickstart-aws-vpc/docs/generated/regions/index.adoc",
        ""
    ],
    "submodules/quickstart-aws-vpc/docs/generated/parameters/index.adoc": [
        "/tmp/repo/submodules/quickstart-aws-vpc/docs/generated/parameters/index.adoc",
        ""
    ],
    "submodules/quickstart-aws-vpc/docs/generated/services/metadata.adoc": [
        "/tmp/repo/submodules/quickstart-aws-vpc/docs/generated/services/metadata.adoc",
        ""
    ],
    "submodules/quickstart-aws-vpc/docs/generated/services/index.adoc": [
        "/tmp/repo/submodules/quickstart-aws-vpc/docs/generated/services/index.adoc",
        ""
    ],
    "submodules/quickstart-aws-vpc/docs/images/cfn_outputs.png": [
        "/tmp/repo/submodules/quickstart-aws-vpc/docs/images/cfn_outputs.png",
        ""
    ],
    "submodules/quickstart-aws-vpc/docs/images/aws-quickstart-graphic.png": [
        "/tmp/repo/submodules/quickstart-aws-vpc/docs/images/aws-quickstart-graphic.png",
        ""
    ],
    "submodules/quickstart-aws-vpc/docs/images/architecture_diagram.png": [
        "/tmp/repo/submodules/quickstart-aws-vpc/docs/images/architecture_diagram.png",
        ""
    ],
    "submodules/quickstart-aws-vpc/docs/partner_editable/faq_troubleshooting.adoc": [
        "/tmp/repo/submodules/quickstart-aws-vpc/docs/partner_editable/faq_troubleshooting.adoc",
        ""
    ],
    "submodules/quickstart-aws-vpc/docs/partner_editable/product_description.adoc": [
        "/tmp/repo/submodules/quickstart-aws-vpc/docs/partner_editable/product_description.adoc",
        ""
    ],
    "submodules/quickstart-aws-vpc/docs/partner_editable/_settings.adoc": [
        "/tmp/repo/submodules/quickstart-aws-vpc/docs/partner_editable/_settings.adoc",
        ""
    ],
    "submodules/quickstart-aws-vpc/docs/partner_editable/deployment_options.adoc": [
        "/tmp/repo/submodules/quickstart-aws-vpc/docs/partner_editable/deployment_options.adoc",
        ""
    ],
    "submodules/quickstart-aws-vpc/docs/partner_editable/service_limits.adoc": [
        "/tmp/repo/submodules/quickstart-aws-vpc/docs/partner_editable/service_limits.adoc",
        ""
    ],
    "submodules/quickstart-aws-vpc/docs/partner_editable/architecture.adoc": [
        "/tmp/repo/submodules/quickstart-aws-vpc/docs/partner_editable/architecture.adoc",
        ""
    ],
    "submodules/quickstart-aws-vpc/docs/partner_editable/additional_info.adoc": [
        "/tmp/repo/submodules/quickstart-aws-vpc/docs/partner_editable/additional_info.adoc",
        ""
    ],
    "submodules/quickstart-aws-vpc/docs/partner_editable/regions.adoc": [
        "/tmp/repo/submodules/quickstart-aws-vpc/docs/partner_editable/regions.adoc",
        ""
    ],
    "submodules/quickstart-aws-vpc/docs/partner_editable/licenses.adoc": [
        "/tmp/repo/submodules/quickstart-aws-vpc/docs/partner_editable/licenses.adoc",
        ""
    ],
    "submodules/quickstart-aws-vpc/docs/partner_editable/deploy_steps.adoc": [
        "/tmp/repo/submodules/quickstart-aws-vpc/docs/partner_editable/deploy_steps.adoc",
        ""
    ],
    "submodules/quickstart-aws-vpc/docs/partner_editable/specialized_knowledge.adoc": [
        "/tmp/repo/submodules/quickstart-aws-vpc/docs/partner_editable/specialized_knowledge.adoc",
        ""
    ],
    "submodules/quickstart-aws-vpc/docs/partner_editable/overview_target_and_usage.adoc": [
        "/tmp/repo/submodules/quickstart-aws-vpc/docs/partner_editable/overview_target_and_usage.adoc",
        ""
    ],
    "submodules/quickstart-aws-vpc/docs/partner_editable/pre-reqs.adoc": [
        "/tmp/repo/submodules/quickstart-aws-vpc/docs/partner_editable/pre-reqs.adoc",
        ""
    ],
    "submodules/quickstart-aws-vpc/docs/boilerplate/deployment_steps.adoc": [
        "/tmp/repo/submodules/quickstart-aws-vpc/docs/boilerplate/deployment_steps.adoc",
        ""
    ],
    "submodules/quickstart-aws-vpc/docs/boilerplate/introduction.adoc": [
        "/tmp/repo/submodules/quickstart-aws-vpc/docs/boilerplate/introduction.adoc",
        ""
    ],
    "submodules/quickstart-aws-vpc/docs/boilerplate/LICENSE": [
        "/tmp/repo/submodules/quickstart-aws-vpc/docs/boilerplate/LICENSE",
        ""
    ],
    "submodules/quickstart-aws-vpc/docs/boilerplate/CODEOWNERS": [
        "/tmp/repo/submodules/quickstart-aws-vpc/docs/boilerplate/CODEOWNERS",
        ""
    ],
    "submodules/quickstart-aws-vpc/docs/boilerplate/cost.adoc": [
        "/tmp/repo/submodules/quickstart-aws-vpc/docs/boilerplate/cost.adoc",
        ""
    ],
    "submodules/quickstart-aws-vpc/docs/boilerplate/planning_deployment.adoc": [
        "/tmp/repo/submodules/quickstart-aws-vpc/docs/boilerplate/planning_deployment.adoc",
        ""
    ],
    "submodules/quickstart-aws-vpc/docs/boilerplate/overview.adoc": [
        "/tmp/repo/submodules/quickstart-aws-vpc/docs/boilerplate/overview.adoc",
        ""
    ],
    "submodules/quickstart-aws-vpc/docs/boilerplate/disclaimer.adoc": [
        "/tmp/repo/submodules/quickstart-aws-vpc/docs/boilerplate/disclaimer.adoc",
        ""
    ],
    "submodules/quickstart-aws-vpc/docs/boilerplate/index.adoc": [
        "/tmp/repo/submodules/quickstart-aws-vpc/docs/boilerplate/index.adoc",
        ""
    ],
    "submodules/quickstart-aws-vpc/docs/boilerplate/_layout_cfn.adoc": [
        "/tmp/repo/submodules/quickstart-aws-vpc/docs/boilerplate/_layout_cfn.adoc",
        ""
    ],
    "submodules/quickstart-aws-vpc/templates/aws-vpc.template": [
        "/tmp/repo/submodules/quickstart-aws-vpc/templates/aws-vpc.template",
        ""
    ],
    "submodules/quickstart-aws-vpc/templates/aws-vpc.template.yaml": [
        "/tmp/repo/submodules/quickstart-aws-vpc/templates/aws-vpc.template.yaml",
        ""
    ],
    "templates/linux-bastion-master.template": [
        "/tmp/repo/templates/linux-bastion-master.template",
        ""
    ],
    "templates/linux-bastion.template": [
        "/tmp/repo/templates/linux-bastion.template",
        ""
    ],
    "manifests/app-manager/app-manager-manifest.yaml": [
        "/tmp/repo/manifests/app-manager/app-manager-manifest.yaml",
        ""
    ]
}
